RAM Allocation [bytes]
Variable                                                                          Address   Size
------------------------------------------------------------------------------------------------
_base_y (alcd.lib)                                                                0x00E0       4

EEPROM Allocation [bytes]
Variable                                                                          Address   Size
------------------------------------------------------------------------------------------------

Register Allocation
Variable                                                                          Register  Size
------------------------------------------------------------------------------------------------
_lcd_x                                                                            R5           1
_lcd_y                                                                            R4           1
_lcd_maxx                                                                         R7           1

FLASH Allocation [words]
Function                                                                          Address   Size
------------------------------------------------------------------------------------------------
main                                                                              0x0005B     57
_lcd_write_nibble_G100                                                            0x00094     15
_lcd_write_data                                                                   0x000A3     14
lcd_gotoxy                                                                        0x000B1     16
lcd_clear                                                                         0x000C1     10
lcd_putchar                                                                       0x000CB     19
lcd_putsf                                                                         0x000DE     15
lcd_init                                                                          0x000ED     43
