RAM Allocation [bytes]
Variable                                                                          Address   Size
------------------------------------------------------------------------------------------------
_base_y (alcd.lib)                                                                0x00E0       4

EEPROM Allocation [bytes]
Variable                                                                          Address   Size
------------------------------------------------------------------------------------------------

Register Allocation
Variable                                                                          Register  Size
------------------------------------------------------------------------------------------------
_lcd_x                                                                            R5           1
_lcd_y                                                                            R4           1
_lcd_maxx                                                                         R7           1

FLASH Allocation [words]
Function                                                                          Address   Size
------------------------------------------------------------------------------------------------
main                                                                              0x0005B     55
_lcd_write_nibble_G100                                                            0x00092     15
_lcd_write_data                                                                   0x000A1     14
lcd_gotoxy                                                                        0x000AF     16
lcd_clear                                                                         0x000BF     10
lcd_putchar                                                                       0x000C9     19
lcd_putsf                                                                         0x000DC     15
lcd_init                                                                          0x000EB     43
